1. Это, конечно, не ошибка, но при удалении в контроллере используется пост метод, 
   а надо бы делете.